
> test
> node --test tests/*.test.mjs

TAP version 13
# Subtest: LongMemEval has twelve fictional, Gold-free fixture records and chronological normalization
ok 1 - LongMemEval has twelve fictional, Gold-free fixture records and chronological normalization
# Subtest: LoCoMo fictional fixture supports four QA forms without annotation fields
ok 2 - LoCoMo fictional fixture supports four QA forms without annotation fields
# Subtest: formal authorization is required and expired authorization is rejected
ok 3 - formal authorization is required and expired authorization is rejected
# Subtest: formal CLI refuses before resolving data when authorization environment is absent
ok 4 - formal CLI refuses before resolving data when authorization environment is absent
# Subtest: score-only CLI refuses before resolving Gold when authorization environment is absent
ok 5 - score-only CLI refuses before resolving Gold when authorization environment is absent
# Subtest: authorization rejects data hash, product, adapter, preregistration, and subset mismatch
ok 6 - authorization rejects data hash, product, adapter, preregistration, and subset mismatch
# Subtest: validateFormalRequest binds authorization to exact files and commits
ok 7 - validateFormalRequest binds authorization to exact files and commits
# Subtest: Gold fields are structurally inaccessible in generation phase
ok 8 - Gold fields are structurally inaccessible in generation phase
# Subtest: result hash lock detects mutation
ok 9 - result hash lock detects mutation
# Subtest: score-only writes separate metrics and cannot modify locked results
ok 10 - score-only writes separate metrics and cannot modify locked results
# Subtest: fixture checkpoint resumes without duplicate rows
ok 11 - fixture checkpoint resumes without duplicate rows
# Subtest: external-eval tracked text contains no API key or Authorization header
ok 12 - external-eval tracked text contains no API key or Authorization header
1..12
# tests 12
# suites 0
# pass 12
# fail 0
# cancelled 0
# skipped 0
# todo 0
