qualification_commit=d5a667a318bb39446b472dd885a73e497334ab02
ci_run_id=29273086507
ci_run_url=https://github.com/guo6x/Omni-context/actions/runs/29273086507
workflow_status=completed
workflow_conclusion=success
brain-server=success
desktop-web=success
benchmark-scripts=success
browser-extension=success
desktop-rust=success
secret-scan=success
mobile=success
dependency-audit=success
windows-smoke=success
jobs_success=9
jobs_total=9

preceding_failed_run=29272485633
preceding_failed_job=brain-server
preceding_failure=fire-and-forget retry test crossed test boundary on slower CI host
fix_commit=d5a667a318bb39446b472dd885a73e497334ab02
