# npm audit report

next  9.5.0 - 15.5.15
Severity: high
Next.js self-hosted applications vulnerable to DoS via Image Optimizer remotePatterns configuration - https://github.com/advisories/GHSA-9g9p-9gw9-jx7f
Next.js HTTP request deserialization can lead to DoS when using insecure React Server Components - https://github.com/advisories/GHSA-h25m-26qc-wcjf
Next.js: HTTP request smuggling in rewrites - https://github.com/advisories/GHSA-ggv3-7p47-pfv8
Next.js: Unbounded next/image disk cache growth can exhaust storage - https://github.com/advisories/GHSA-3x4c-7xq6-9pq8
Next.js has a Denial of Service with Server Components - https://github.com/advisories/GHSA-q4gf-8mx6-v5v3
Next.js Vulnerable to Denial of Service with Server Components - https://github.com/advisories/GHSA-8h8q-6873-q5fj
Next.js's Middleware / Proxy redirects can be cache-poisoned - https://github.com/advisories/GHSA-3g8h-86w9-wvmq
Next.js vulnerable to cross-site scripting in App Router applications using CSP nonces - https://github.com/advisories/GHSA-ffhc-5mcf-pf4q
Next.js vulnerable to cache poisoning via collisions in React Server Component cache-busting - https://github.com/advisories/GHSA-vfv6-92ff-j949
Next.js has cross-site scripting in beforeInteractive scripts with untrusted input - https://github.com/advisories/GHSA-gx5p-jg67-6x7h
Next.js has a Denial of Service in the Image Optimization API - https://github.com/advisories/GHSA-h64f-5h5j-jqjh
Next.js vulnerable to server-side request forgery in applications using WebSocket upgrades - https://github.com/advisories/GHSA-c4j6-fc7j-m34r
Next.js vulnerable to cache poisoning in React Server Component responses - https://github.com/advisories/GHSA-wfc6-r584-vfw7
Next.js has a Middleware / Proxy bypass in Pages Router applications using i18n - https://github.com/advisories/GHSA-36qx-fr4f-26g5
fix available via `npm audit fix --force`
Will install next@16.2.10, which is a breaking change
node_modules/next

1 high severity vulnerability

To address all issues (including breaking changes), run:
  npm audit fix --force
