# npm audit report

@tootallnate/once  <2.0.1
@tootallnate/once vulnerable to Incorrect Control Flow Scoping - https://github.com/advisories/GHSA-vpq2-c234-7xj6
fix available via `npm audit fix --force`
Will install sqlite3@6.0.1, which is a breaking change
node_modules/@tootallnate/once
  http-proxy-agent  4.0.1
  Depends on vulnerable versions of @tootallnate/once
  node_modules/http-proxy-agent
    make-fetch-happen  8.0.2 - 9.1.0
    Depends on vulnerable versions of http-proxy-agent
    node_modules/make-fetch-happen
      node-gyp  8.0.0 - 8.4.1
      Depends on vulnerable versions of make-fetch-happen
      node_modules/node-gyp
        sqlite3  5.0.3 - 5.1.7
        Depends on vulnerable versions of node-gyp
        node_modules/sqlite3

glob  10.2.0 - 10.4.5
Severity: high
glob CLI: Command injection via -c/--cmd executes matches with shell:true - https://github.com/advisories/GHSA-5j98-mcp5-4vw2
fix available via `npm audit fix`
node_modules/archiver-utils/node_modules/glob

ip-address  <=10.1.0
Severity: moderate
ip-address has XSS in Address6 HTML-emitting methods - https://github.com/advisories/GHSA-v2v4-37r5-5v8g
fix available via `npm audit fix`
node_modules/ip-address
  express-rate-limit  8.0.1 - 8.5.0
  Depends on vulnerable versions of ip-address
  node_modules/express-rate-limit

qs  6.11.1 - 6.15.1
Severity: moderate
qs has a remotely triggerable DoS: qs.stringify crashes with TypeError on null/undefined entries in comma-format arrays when encodeValuesOnly is set - https://github.com/advisories/GHSA-q8mj-m7cp-5q26
fix available via `npm audit fix`
node_modules/qs

undici  7.0.0 - 7.27.2
Severity: high
undici vulnerable to TLS certificate validation bypass via dropped requestTls in SOCKS5 ProxyAgent - https://github.com/advisories/GHSA-vmh5-mc38-953g
undici vulnerable to HTTP header injection via Set-Cookie percent-decoding - https://github.com/advisories/GHSA-p88m-4jfj-68fv
undici WebSocket client vulnerable to denial of service via fragment count bypass - https://github.com/advisories/GHSA-vxpw-j846-p89q
undici vulnerable to cross-origin request routing via SOCKS5 proxy pool reuse - https://github.com/advisories/GHSA-hm92-r4w5-c3mj
undici vulnerable to HTTP response queue poisoning via keep-alive socket reuse - https://github.com/advisories/GHSA-35p6-xmwp-9g52
undici vulnerable to Set-Cookie SameSite attribute downgrade via permissive substring matching - https://github.com/advisories/GHSA-g8m3-5g58-fq7m
undici vulnerable to cross-user information disclosure via shared cache whitespace bypass - https://github.com/advisories/GHSA-pr7r-676h-xcf6
fix available via `npm audit fix`
node_modules/undici

xlsx  *
Severity: high
Prototype Pollution in sheetJS - https://github.com/advisories/GHSA-4r6h-8v6p-xvw6
SheetJS Regular Expression Denial of Service (ReDoS) - https://github.com/advisories/GHSA-5pgg-2g8v-p4x9
No fix available
node_modules/xlsx

11 vulnerabilities (5 low, 3 moderate, 3 high)

To address issues that do not require attention, run:
  npm audit fix

To address all issues possible (including breaking changes), run:
  npm audit fix --force

Some issues need review, and may require choosing
a different dependency.
