TAP version 13
# Subtest: flags forbidden local secret paths
ok 1 - flags forbidden local secret paths
  ---
  duration_ms: 2.416
  type: 'test'
  ...
# Subtest: reports rule and location without returning the secret value
ok 2 - reports rule and location without returning the secret value
  ---
  duration_ms: 0.6846
  type: 'test'
  ...
# Subtest: allows explicit placeholders
ok 3 - allows explicit placeholders
  ---
  duration_ms: 0.3496
  type: 'test'
  ...
1..3
# tests 3
# suites 0
# pass 3
# fail 0
# cancelled 0
# skipped 0
# todo 0
# duration_ms 12.8728
Secret scan passed (tracked tree).
